The following modules were not unloaded:
  (Use "module --force purge" to unload all):

  1) XALT/minimal   2) slurm   3) NeSI
Initializing matrices...

=== Parallel Matrix Multiplication Performance ===
Matrix size: 7000 x 7000
Number of processes: 8
Total execution time: 165.17 seconds
Result verification checksum: 8.577208e+10

Process Statistics:
Rank 0 running on wmc005:
  Rows processed: 875
  Block size used: 100
  Memory used: 98.80 MB

Process Statistics:
Rank 1 running on wmc005:
  Rows processed: 875
  Block size used: 100
  Memory used: 98.80 MB

Process Statistics:
Rank 2 running on wmc008:
  Rows processed: 875
  Block size used: 100
  Memory used: 98.80 MB

Process Statistics:
Rank 4 running on wmc009:
  Rows processed: 875
  Block size used: 100
  Memory used: 98.80 MB

Process Statistics:
Rank 3 running on wmc008:
  Rows processed: 875
  Block size used: 100
  Memory used: 98.80 MB

Process Statistics:
Rank 5 running on wmc009:
  Rows processed: 875
  Block size used: 100
  Memory used: 98.80 MB

Process Statistics:
Rank 6 running on wmc010:
  Rows processed: 875
  Block size used: 100
  Memory used: 98.80 MB

Process Statistics:
Rank 7 running on wmc010:
  Rows processed: 875
  Block size used: 100
  Memory used: 98.80 MB
